&{Env:test Hertz:{Address::8080 MetricsPort:8090 EnablePprof:true EnableGzip:true EnableAccessLog:true LogLevel:info LogFileName:log/hertz.log LogMaxSize:10 LogMaxBackups:50 LogMaxAge:3 RegistryAddr:localhost:8500} MySQL:{DSN:gorm:gorm@tcp(127.0.0.1:3306)/gorm?charset=utf8mb4&parseTime=True&loc=Local} Redis:{Address:127.0.0.1:6379 Password: Username: DB:0}}
2025-03-05T01:30:29.825+0800	INFO	HERTZ: Usin
2025/03from:"from@example.com" to:"abc@example.com" content_type:"text/plain" subject:"You just created an order in CloudWeGo shop" content:"You just created an order in CloudWeGo shop"from:"from@example.com" to:"abc@example.com" content_type:"text/plain" subject:"You just created an order in CloudWeGo shop" content:"You just created an order in CloudWeGo shop"space/Gomall-zijie/app/cart/biz/model/cart.go:36
[0m[33m[0.697ms] [34;1m[rows:0][0m SELECT * FROM `cart` WHERE user_id = 2

2025/03/05 01:31:23 [32m/root/workspace/Gomall-zijie/app/cart/biz/model/cart.go:36
[0m[33m[0.637ms] [34;1m[rows:0][0m SELECT * FROM `cart` WHERE user_id = 2

2025/03/05 01:31:24 [31;1m/root/workspace/Gomall-zijie/app/cart/biz/model/cart.go:42 [35;1mrecord not found
[0m[33m[1.109ms] [34;1m[rows:0][0m SELECT * FROM `cart` WHERE `cart`.`user_id` = 2 AND `cart`.`product_id` = 3 ORDER BY `cart`.`id` LIMIT 1

2025/03/05 01:31:24 [32m/root/workspace/Gomall-zijie/app/cart/biz/model/cart.go:36
[0m[33m[0.611ms] [34;1m[rows:1][0m SELECT * FROM `cart` WHERE user_id = 2

2025/03/05 01:31:24 [32m/root/workspace/Gomall-zijie/app/cart/biz/model/cart.go:36
[0m[33m[0.757ms] [34;1m[rows:1][0m SELECT * FROM `cart` WHERE user_id = 2

2025/03/05 01:31:25 [32m/root/workspace/Gomall-zijie/app/cart/biz/model/cart.go:36
[0m[33m[0.700ms] [34;1m[rows:1][0m SELECT * FROM `cart` WHERE user_id = 2

2025/03/05 01:31:25 [32m/root/workspace/Gomall-zijie/a2025-03-05T01:31:25.831+0800	INFO	 {01:31:25} | 200 |      0s | GET     | /checkout 
2025-03-05T01:31:25.93
2025/03/05 01:31:29 [32m/root/workspace/Gomall-zijie/app/cart/b2025-03-05T01:31:29.059+0800	INFO	 {01:31:28} | 200 |      0s | POST    | /checkout/waiting 
2025-03-05T01:31:29.169+0800	INFO	 {01:31:28} | 404 |      0s | GET     | /favicon.ico 
2025-03-05T01:31:34.193+0800	INFO	 {01:31:33} | 200 |      0s | GET     | /checkout/result 
2025-03-05T01:31:35.469+0800	INFO	 {01:31:35} | 404 |      0s | GET     | /favicon.ico 
2025-03-05T01:31:35.790+0800	INFO	 {01:31:35} | 200 |      0s | GET     | /order 
2025-03-05T01:31:35.884+0800	INFO	 {01:31:35} | 404 |      0s | GET     | /favicon.ico 
2025-03-05T01:31:47.707+0800	INFO	 {01:31:47} | 200 |      0s | GET     | / 
2025-03-05T01:31:47.804+0800	INFO	 {01:31:47} | 404 |      0s | GET     | /favicon.ico 
2025-03-05T01:33:34.219+0800	INFO	 {01:33:34} | 200 |      0s | GET     | /product 
2025-03-05T01:33:34.331+0800	INFO	 {01:33:34} | 404 |      0s | GET     | /favicon.ico 
2025-03-05T01:33:37.804+0800	INFO	 {01:33:37} | 302 |      0s | POST    | /cart 
2025-03-05T01:33:37.826+0800	INFO	 {01:33:37} | 200 |      0s | GET     | /cart 
2025-03-05T01:33:37.926+0800	INFO	 {01:33:37} | 404 |      0s | GET     | /favicon.ico 
2025-03-05T01:33:40.633+0800	INFO	 {01:33:40} | 200 |      0s | GET     | /category/sticker 
2025-03-05T01:33:40.750+0800	INFO	 {01:33:40} | 404 |      0s | GET     | /favicon.ico 
2025-03-05T01:33:41.457+0800	INFO	 {01:33:41} | 200 |      0s | GET     | /product 
2025-03-05T01:33:41.569+0800	INFO	 {01:33:41} | 404 |      0s | GET     | /favicon.ico 
2025-03-05T01:33:42.378+0800	INFO	 {01:33:42} | 302 |      0s | POST    | /cart 
2025-03-05T01:33:42.408+0800	INFO	 {01:33:42} | 200 |      0s | GET     | /cart 
2025-03-05T01:33:42.530+0800	INFO	 {01:33:42} | 404 |      0s | GET     | /favicon.ico 
2025-03-05T01:33:44.023+0800	INFO	 {01:33:43} | 200 |      0s | GET     | /checkout 
2025-03-05T01:33:44.128+0800	INFO	 {01:33:44} | 404 |      0s | GET     | /favicon.ico 
2025-03-05T01:33:48.499+0800	INFO	 {01:33:48} | 200 |      0s | POST    | /checkout/waiting 
2025-03-05T01:33:48.612+0800	INFO	 {01:33:48} | 404 |      0s | GET     | /favicon.ico 
2025-03-05T01:33:53.617+0800	INFO	 {01:33:53} | 200 |      0s | GET     | /checkout/result 
2025-03-05T01:33:53.743+0800	INFO	 {01:33:53} | 404 |      0s | GET     | /favicon.ico 
2025-03-05T01:33:57.478+0800	INFO	 {01:33:57} | 200 |      0s | GET     | /order 
2025-03-05T01:33:57.578+0800	INFO	 {01:33:57} | 404 |      0s | GET     | /favicon.ico 
2025-03-05T01:34:00.706+0800	INFO	 {01:34:00} | 200 |      0s | GET     | /category/t-shirt 
2025-03-05T01:34:00.822+0800	INFO	 {01:34:00} | 404 |      0s | GET     | /favicon.ico 
2025-03-05T01:34:01.779+0800	INFO	 {01:34:01} | 200 |      0s | GET     | /product 
2025-03-05T01:34:01.901+0800	INFO	 {01:34:01} | 404 |      0s | GET     | /favicon.ico 
2025-03-05T01:34:03.358+0800	INFO	 {01:34:03} | 302 |      0s | POST    | /cart 
2025-03-05T01:34:03.384+0800	INFO	 {01:34:03} | 200 |      0s | GET     | /cart 
2025-03-05T01:34:03.502+0800	INFO	 {01:34:03} | 404 |      0s | GET     | /favicon.ico 
2025-03-05T01:34:04.605+0800	INFO	 {01:34:04} | 200 |      0s | GET     | /checkout 
2025-03-05T01:34:04.816+0800	INFO	 {01:34:04} | 404 |      0s | GET     | /favicon.ico 
2025-03-05T01:34:08.629+0800	INFO	 {01:34:08} | 200 |      0s | POST    | /checkout/waiting 
2025-03-05T01:34:08.741+0800	INFO	 {01:34:08} | 404 |      0s | GET     | /favicon.ico 
2025-03-05T01:34:17.184+0800	INFO	 {01:34:17} | 200 |      0s | GET     | /order 
2025-03-05T01:34:17.298+0800	INFO	 {01:34:17} | 404 |      0s | GET     | /favicon.ico 
2025-03-05T01:57:45.657+0800	INFO	 {01:57:45} | 200 |      0s | GET     | / 
2025-03-05T01:57:46.505+0800	INFO	 {01:57:46} | 404 |      0s | GET     | /favicon.ico 
t/biz/model/cart.go:36
[0m[33m[0.729ms] [34;1m[rows:1][0m SELECT * FROM `cart` WHERE user_id = 2

2025/03/05 01:34:03 [32m/root/workspace/Gomall-zijie/app/cart/biz/model/cart.go:36
[0m[33m[0.709ms] [34;1m[rows:1][0m SELECT * FROM `cart` WHERE user_id = 2

2025/03/05 01:34:04 [32m/root/workspace/Gomall-zijie/app/cart/biz/model/cart.go:36
[0m[33m[0.813ms] [34;1m[rows:1][0m SELECT * FROM `cart` WHERE user_id = 2

2025/03/05 01:34:04 [32m/root/workspace/Gomall-zijie/app/cart/biz/model/cart.go:36
[0m[33m[0.885ms] [34;1m[rows:1][0m SELECT * FROM `cart` WHERE user_id = 2

2025/03/05 01:34:08 [32m/root/workspace/Gomall-zijie/app/cart/biz/model/cart.go:36
[0m[33m[0.667ms] [34;1m[rows:1][0m SELECT * FROM `cart` WHERE user_id = 2

2025/03/05 01:34:08 [32m/root/workspace/Gomall-zijie/app/cart/biz/model/cart.go:36
[0m[33m[0.616ms] [34;1m[rows:0][0m SELECT * FROM `cart` WHERE user_id = 2

2025/03/05 01:34:17 [32m/root/workspace/Gomall-zijie/app/cart/biz/model/cart.go:36
[0m[33m[0.643ms] [34;1m[rows:0][0m SELECT * FROM `cart` WHERE user_id = 2

2025/03/05 01:57:45 [32m/root/workspace/Gomall-zijie/app/cart/biz/model/cart.go:36
[0m[33m[0.602ms] [34;1m[rows:0][0m SELECT * FROM `cart` WHERE user_id = 2
